{"time":"2026-04-24T07:59:42","level":"INFO","module":"_client","message":"HTTP Request: POST https://huggingface.co/api/repos/create "HTTP/1.1 409 Conflict""}
{"time":"2026-04-24T07:59:42","level":"INFO","module":"evaluate_football2vec_l2_adversary_seeds","message":"Starting harvest — stage1_sha=bf102a57 dataset_sha=5eb1bfc3 hosts=['ai'] force_sequential=False"}
{"time":"2026-04-24T07:59:42","level":"INFO","module":"local_cuda","message":"LocalCudaBackend initialised"}
{"time":"2026-04-24T07:59:42","level":"INFO","module":"evaluate_football2vec_l2_adversary_seeds","message":"Pool: adding LocalCudaBackend (AI-PC, cuda:0)"}
{"time":"2026-04-24T07:59:42","level":"INFO","module":"pool","message":"BackendPool initialised with 1 backends (priority order)"}
{"time":"2026-04-24T07:59:42","level":"INFO","module":"evaluate_football2vec_l2_adversary_seeds","message":"Using --l0-override 0.7413 — skipping baseline 'linear' run"}
{"time":"2026-04-24T07:59:42","level":"INFO","module":"evaluate_football2vec_l2_adversary_seeds","message":"--variants filter: running 1 / 6 seeds: ['attention_pool_head']"}
{"time":"2026-04-24T07:59:42","level":"INFO","module":"evaluate_football2vec_l2_adversary_seeds","message":"Dispatching 1 remaining variants with max_workers=1"}
{"time":"2026-04-24T07:59:42","level":"INFO","module":"evaluate_football2vec_l2_adversary_seeds","message":"=== Dispatching variant=attention_pool_head program=attention_pool_head.py ==="}
{"time":"2026-04-24T07:59:42","level":"INFO","module":"pool","message":"BackendPool dispatching to LocalCudaBackend (priority 0)"}
{"time":"2026-04-24T07:59:42","level":"INFO","module":"local_cuda","message":"LocalCudaBackend.train starting"}
{"time":"2026-04-24T07:59:46","level":"INFO","module":"evaluator","message":"Stage-2 candidate starting (device=cuda:0, epochs=30, seed=42)"}
{"time":"2026-04-24T07:59:49","level":"INFO","module":"_client","message":"HTTP Request: HEAD https://huggingface.co/datasets/luxury-lakehouse/football2vec-training-data/resolve/main/README.md "HTTP/1.1 307 Temporary Redirect""}
{"time":"2026-04-24T07:59:49","level":"INFO","module":"_client","message":"HTTP Request: HEAD https://huggingface.co/api/resolve-cache/datasets/luxury-lakehouse/football2vec-training-data/ab5926d0f19415ecc437eb7b1aecae26b59f9cbe/README.md "HTTP/1.1 200 OK""}
{"time":"2026-04-24T07:59:49","level":"INFO","module":"_client","message":"HTTP Request: HEAD https://huggingface.co/datasets/luxury-lakehouse/football2vec-training-data/resolve/ab5926d0f19415ecc437eb7b1aecae26b59f9cbe/football2vec-training-data.py "HTTP/1.1 404 Not Found""}
{"time":"2026-04-24T07:59:49","level":"INFO","module":"_client","message":"HTTP Request: HEAD https://s3.amazonaws.com/datasets.huggingface.co/datasets/datasets/luxury-lakehouse/football2vec-training-data/luxury-lakehouse/football2vec-training-data.py "HTTP/1.1 404 Not Found""}
{"time":"2026-04-24T07:59:49","level":"INFO","module":"_client","message":"HTTP Request: GET https://huggingface.co/api/datasets/luxury-lakehouse/football2vec-training-data/revision/ab5926d0f19415ecc437eb7b1aecae26b59f9cbe "HTTP/1.1 200 OK""}
{"time":"2026-04-24T07:59:49","level":"INFO","module":"_client","message":"HTTP Request: HEAD https://huggingface.co/datasets/luxury-lakehouse/football2vec-training-data/resolve/ab5926d0f19415ecc437eb7b1aecae26b59f9cbe/.huggingface.yaml "HTTP/1.1 404 Not Found""}
{"time":"2026-04-24T07:59:50","level":"INFO","module":"_client","message":"HTTP Request: GET https://datasets-server.huggingface.co/info?dataset=luxury-lakehouse/football2vec-training-data "HTTP/1.1 200 OK""}
{"time":"2026-04-24T07:59:50","level":"INFO","module":"_client","message":"HTTP Request: GET https://huggingface.co/api/datasets/luxury-lakehouse/football2vec-training-data/tree/ab5926d0f19415ecc437eb7b1aecae26b59f9cbe/data?recursive=true&expand=false "HTTP/1.1 200 OK""}
{"time":"2026-04-24T07:59:50","level":"INFO","module":"_client","message":"HTTP Request: GET https://huggingface.co/api/datasets/luxury-lakehouse/football2vec-training-data/tree/ab5926d0f19415ecc437eb7b1aecae26b59f9cbe?recursive=false&expand=false "HTTP/1.1 200 OK""}
{"time":"2026-04-24T07:59:50","level":"INFO","module":"_client","message":"HTTP Request: GET https://huggingface.co/api/datasets/luxury-lakehouse/football2vec-training-data/revision/ab5926d0f19415ecc437eb7b1aecae26b59f9cbe "HTTP/1.1 200 OK""}
{"time":"2026-04-24T07:59:50","level":"INFO","module":"_client","message":"HTTP Request: HEAD https://huggingface.co/datasets/luxury-lakehouse/football2vec-training-data/resolve/ab5926d0f19415ecc437eb7b1aecae26b59f9cbe/dataset_infos.json "HTTP/1.1 404 Not Found""}
{"time":"2026-04-24T07:59:50","level":"INFO","module":"_client","message":"HTTP Request: GET https://huggingface.co/api/datasets/luxury-lakehouse/football2vec-training-data/revision/ab5926d0f19415ecc437eb7b1aecae26b59f9cbe "HTTP/1.1 200 OK""}
{"time":"2026-04-24T07:59:57","level":"INFO","module":"football2vec_v2_training","message":"Loaded 114200 player-match sequences from luxury-lakehouse/football2vec-training-data"}
{"time":"2026-04-24T07:59:57","level":"INFO","module":"_client","message":"HTTP Request: GET https://huggingface.co/api/datasets/luxury-lakehouse/football2vec-training-data "HTTP/1.1 200 OK""}
D:\Development\karstenskyt__luxury-lakehouse\.venv\lib\site-packages\torch\nn\modules\transformer.py:531: UserWarning: The PyTorch API of nested tensors is in prototype stage and will change in the near future. We recommend specifying layout=torch.jagged when constructing a nested tensor, as this layout receives active development, has better operator coverage, and works with torch.compile. (Triggered internally at C:\actions-runner\_work\pytorch\pytorch\pytorch\aten\src\ATen\NestedTensorImpl.cpp:182.)
  output = torch._nested_tensor_from_mask(
{"time":"2026-04-24T08:36:23","level":"INFO","module":"train_football2vec_v2","message":"Epoch 1/30 — mlm=0.9405 adv=3.0432 val_mlm=0.9170 val_adv_acc=0.1026 lam=0.000 (2171.2s)"}
{"time":"2026-04-24T09:14:24","level":"INFO","module":"train_football2vec_v2","message":"Epoch 2/30 — mlm=0.9495 adv=2.1949 val_mlm=0.9423 val_adv_acc=0.2029 lam=0.040 (2281.3s)"}
{"time":"2026-04-24T09:54:20","level":"INFO","module":"train_football2vec_v2","message":"Epoch 3/30 — mlm=0.9777 adv=2.7416 val_mlm=0.9389 val_adv_acc=0.0125 lam=0.080 (2396.0s)"}
{"time":"2026-04-24T10:33:16","level":"INFO","module":"train_football2vec_v2","message":"Epoch 4/30 — mlm=1.0127 adv=3.0204 val_mlm=1.0719 val_adv_acc=0.0155 lam=0.120 (2336.3s)"}
{"time":"2026-04-24T11:10:28","level":"INFO","module":"train_football2vec_v2","message":"Epoch 5/30 — mlm=1.0248 adv=2.7715 val_mlm=0.9580 val_adv_acc=0.1680 lam=0.160 (2231.6s)"}
{"time":"2026-04-24T11:50:20","level":"INFO","module":"train_football2vec_v2","message":"Epoch 6/30 — mlm=0.9811 adv=2.5036 val_mlm=0.9479 val_adv_acc=0.1796 lam=0.200 (2391.8s)"}
